vite v8.0.10 building client environment for production...
[2Ktransforming...✓ 1909 modules transformed.
✗ Build failed in 463ms
error during build:
Build failed with 1 error:

[31m[builtin:vite-transform] Error:[0m Unterminated regular expression
     [38;5;246m╭[0m[38;5;246m─[0m[38;5;246m[[0m src/components/panels/RightPanel.tsx:177:10 [38;5;246m][0m
     [38;5;246m│[0m
 [38;5;246m177 │[0m [38;5;249m [0m[38;5;249m [0m[38;5;249m [0m[38;5;249m [0m[38;5;249m [0m[38;5;249m [0m[38;5;249m [0m[38;5;249m [0m[38;5;249m<[0m/div>
 [38;5;240m    │[0m          ───┬──  
 [38;5;240m    │[0m             ╰──── 
[38;5;246m─────╯[0m

    at aggregateBindingErrorsIntoJsError (file:///Users/admin/Library/Mobile%20Documents/com%7Eapple%7ECloudDocs/%E5%8F%AF%E8%A7%82%E6%B5%8B/%E4%B8%AD%E5%9B%BD%E7%94%B5%E7%A7%91/D_deliverables/topology-editor30.04/node_modules/rolldown/dist/shared/error-DL-e8-oE.mjs:48:18)
    at unwrapBindingResult (file:///Users/admin/Library/Mobile%20Documents/com%7Eapple%7ECloudDocs/%E5%8F%AF%E8%A7%82%E6%B5%8B/%E4%B8%AD%E5%9B%BD%E7%94%B5%E7%A7%91/D_deliverables/topology-editor30.04/node_modules/rolldown/dist/shared/error-DL-e8-oE.mjs:18:128)
    at #build (file:///Users/admin/Library/Mobile%20Documents/com%7Eapple%7ECloudDocs/%E5%8F%AF%E8%A7%82%E6%B5%8B/%E4%B8%AD%E5%9B%BD%E7%94%B5%E7%A7%91/D_deliverables/topology-editor30.04/node_modules/rolldown/dist/shared/rolldown-build-DSxL8qiP.mjs:3317:34)
    at async buildEnvironment (file:///Users/admin/Library/Mobile%20Documents/com%7Eapple%7ECloudDocs/%E5%8F%AF%E8%A7%82%E6%B5%8B/%E4%B8%AD%E5%9B%BD%E7%94%B5%E7%A7%91/D_deliverables/topology-editor30.04/node_modules/vite/dist/node/chunks/node.js:33018:64)
    at async Object.build (file:///Users/admin/Library/Mobile%20Documents/com%7Eapple%7ECloudDocs/%E5%8F%AF%E8%A7%82%E6%B5%8B/%E4%B8%AD%E5%9B%BD%E7%94%B5%E7%A7%91/D_deliverables/topology-editor30.04/node_modules/vite/dist/node/chunks/node.js:33440:19)
    at async Object.buildApp (file:///Users/admin/Library/Mobile%20Documents/com%7Eapple%7ECloudDocs/%E5%8F%AF%E8%A7%82%E6%B5%8B/%E4%B8%AD%E5%9B%BD%E7%94%B5%E7%A7%91/D_deliverables/topology-editor30.04/node_modules/vite/dist/node/chunks/node.js:33437:153)
    at async CAC.<anonymous> (file:///Users/admin/Library/Mobile%20Documents/com%7Eapple%7ECloudDocs/%E5%8F%AF%E8%A7%82%E6%B5%8B/%E4%B8%AD%E5%9B%BD%E7%94%B5%E7%A7%91/D_deliverables/topology-editor30.04/node_modules/vite/dist/node/cli.js:778:3) {
  errors: [Getter/Setter]
}
